127.0.0.1 - - [10/May/2023:14:46:32 +0900] "GET / HTTP/1.1" 404 807
0:0:0:0:0:0:0:1 - - [10/May/2023:14:46:32 +0900] "GET /Ex00/Ex01Hello HTTP/1.1" 200 14
0:0:0:0:0:0:0:1 - - [10/May/2023:14:46:32 +0900] "GET /favicon.ico HTTP/1.1" 404 818
0:0:0:0:0:0:0:1 - - [10/May/2023:14:46:39 +0900] "GET /Ex00/Ex01Hello HTTP/1.1" 200 14
0:0:0:0:0:0:0:1 - - [10/May/2023:14:51:56 +0900] "GET /Ex00/Ex01Hello HTTP/1.1" 200 14
0:0:0:0:0:0:0:1 - - [10/May/2023:14:51:56 +0900] "GET /Ex00/Ex01Hello HTTP/1.1" 200 14
127.0.0.1 - - [10/May/2023:14:52:03 +0900] "GET / HTTP/1.1" 404 807
0:0:0:0:0:0:0:1 - - [10/May/2023:14:52:08 +0900] "GET /Ex00/Ex01Hello HTTP/1.1" 200 21
0:0:0:0:0:0:0:1 - - [10/May/2023:15:03:18 +0900] "GET /Ex00/Ex01Hello HTTP/1.1" 200 21
0:0:0:0:0:0:0:1 - - [10/May/2023:15:03:19 +0900] "GET /favicon.ico HTTP/1.1" 404 818
0:0:0:0:0:0:0:1 - - [10/May/2023:15:27:46 +0900] "GET /Ex01DataSend/Ex01Data.html HTTP/1.1" 404 837
127.0.0.1 - - [10/May/2023:15:28:23 +0900] "GET / HTTP/1.1" 404 807
0:0:0:0:0:0:0:1 - - [10/May/2023:15:28:26 +0900] "GET /Ex01DataSend/Ex01Data.html HTTP/1.1" 200 386
0:0:0:0:0:0:0:1 - - [10/May/2023:15:29:20 +0900] "GET /Ex01DataSend/Ex01Data.html?data=asdfsaf HTTP/1.1" 200 386
0:0:0:0:0:0:0:1 - - [10/May/2023:15:29:48 +0900] "GET /Ex01DataSend/Ex01Data.html?data=asdfsaf HTTP/1.1" 304 -
0:0:0:0:0:0:0:1 - - [10/May/2023:15:29:51 +0900] "GET /Ex01DataSend/Ex01Data.html HTTP/1.1" 304 -
127.0.0.1 - - [10/May/2023:15:29:58 +0900] "GET / HTTP/1.1" 404 807
0:0:0:0:0:0:0:1 - - [10/May/2023:15:32:31 +0900] "GET /Ex01DataSend/Ex01Data.html HTTP/1.1" 200 402
0:0:0:0:0:0:0:1 - - [10/May/2023:15:32:43 +0900] "GET /Ex01DataSend/Ex01 HTTP/1.1" 404 828
127.0.0.1 - - [10/May/2023:15:32:55 +0900] "GET / HTTP/1.1" 404 807
0:0:0:0:0:0:0:1 - - [10/May/2023:15:32:58 +0900] "GET /Ex01DataSend/Ex01 HTTP/1.1" 200 -
0:0:0:0:0:0:0:1 - - [10/May/2023:15:42:08 +0900] "GET /Ex01DataSend/Ex01 HTTP/1.1" 200 -
127.0.0.1 - - [10/May/2023:15:42:17 +0900] "GET / HTTP/1.1" 404 807
0:0:0:0:0:0:0:1 - - [10/May/2023:15:43:28 +0900] "GET /Ex01DataSend/Ex01Data.html?data= HTTP/1.1" 200 490
0:0:0:0:0:0:0:1 - - [10/May/2023:15:43:50 +0900] "GET /Ex01DataSend/Ex01Data.html?data= HTTP/1.1" 304 -
0:0:0:0:0:0:0:1 - - [10/May/2023:15:43:58 +0900] "GET /Ex01DataSend/Ex01Data.html?data=dddddddd HTTP/1.1" 200 490
0:0:0:0:0:0:0:1 - - [10/May/2023:15:44:13 +0900] "GET /Ex01DataSend/Ex01 HTTP/1.1" 200 -
0:0:0:0:0:0:0:1 - - [10/May/2023:15:44:19 +0900] "GET /Ex01DataSend/Ex01Data.html HTTP/1.1" 200 490
0:0:0:0:0:0:0:1 - - [10/May/2023:15:44:22 +0900] "GET /Ex01DataSend/Ex01Data.html?data=dddddddddddd HTTP/1.1" 200 490
127.0.0.1 - - [10/May/2023:15:46:11 +0900] "GET / HTTP/1.1" 404 807
127.0.0.1 - - [10/May/2023:15:46:18 +0900] "GET / HTTP/1.1" 404 807
0:0:0:0:0:0:0:1 - - [10/May/2023:15:46:20 +0900] "GET /Ex01DataSend/Ex01Data.html HTTP/1.1" 304 -
0:0:0:0:0:0:0:1 - - [10/May/2023:15:46:22 +0900] "GET /Ex01DataSend/Ex01Data.html?data=ddd HTTP/1.1" 200 490
0:0:0:0:0:0:0:1 - - [10/May/2023:15:46:28 +0900] "GET /Ex01DataSend/Ex01Data.html?data=dddddddddddd HTTP/1.1" 304 -
127.0.0.1 - - [10/May/2023:15:46:42 +0900] "GET / HTTP/1.1" 404 807
0:0:0:0:0:0:0:1 - - [10/May/2023:15:46:53 +0900] "GET /Ex01DataSend/Ex01Data.html?data=%E3%85%87%E3%85%87%E3%85%87%E3%85%87%E3%85%87%E3%85%87%E3%85%87%E3%85%87%E3%85%87%E3%85%87%E3%85%87%E3%85%87%E3%85%87%E3%85%87 HTTP/1.1" 200 490
0:0:0:0:0:0:0:1 - - [10/May/2023:15:47:13 +0900] "GET /Ex01DataSend/Ex01Data.html?data=%E3%85%87%E3%85%87%E3%85%87%E3%85%87%E3%85%87%E3%85%87%E3%85%87%E3%85%87%E3%85%87%E3%85%87%E3%85%87%E3%85%87 HTTP/1.1" 200 490
0:0:0:0:0:0:0:1 - - [10/May/2023:15:47:42 +0900] "GET /Ex01DataSend/Ex01Data.html?data=%EC%98%A4%EC%9E%89 HTTP/1.1" 200 490
0:0:0:0:0:0:0:1 - - [10/May/2023:15:47:48 +0900] "GET /Ex01DataSend/Ex01 HTTP/1.1" 200 4
0:0:0:0:0:0:0:1 - - [10/May/2023:15:47:52 +0900] "GET /Ex01DataSend/Ex01Data.html?data=%E3%85%87%E3%85%87 HTTP/1.1" 200 490
0:0:0:0:0:0:0:1 - - [10/May/2023:15:47:58 +0900] "GET /Ex01DataSend/Ex01Data.html?data=ddddddd HTTP/1.1" 200 490
127.0.0.1 - - [10/May/2023:15:49:45 +0900] "GET / HTTP/1.1" 404 807
0:0:0:0:0:0:0:1 - - [10/May/2023:15:49:49 +0900] "GET /Ex01DataSend/Ex01Data.html?data=%EC%9C%BC%EC%95%85 HTTP/1.1" 200 490
0:0:0:0:0:0:0:1 - - [10/May/2023:15:49:55 +0900] "GET /Ex01DataSend/Ex01Data.html?data=DDDDDDDDD HTTP/1.1" 200 490
0:0:0:0:0:0:0:1 - - [10/May/2023:15:50:48 +0900] "GET /Ex01DataSend/Ex01Data.html HTTP/1.1" 200 494
127.0.0.1 - - [10/May/2023:15:50:56 +0900] "GET / HTTP/1.1" 404 807
0:0:0:0:0:0:0:1 - - [10/May/2023:15:51:00 +0900] "GET /Ex01DataSend/Ex01Data.html HTTP/1.1" 304 -
0:0:0:0:0:0:0:1 - - [10/May/2023:15:51:02 +0900] "GET /Ex01DataSend/Ex01?data=dddddddddddd HTTP/1.1" 200 12
127.0.0.1 - - [10/May/2023:16:04:16 +0900] "GET / HTTP/1.1" 404 807
0:0:0:0:0:0:0:1 - - [10/May/2023:16:04:23 +0900] "GET /Ex01DataSend/Ex01Data.html?data=%EC%9C%BC%EC%95%85 HTTP/1.1" 200 494
127.0.0.1 - - [10/May/2023:16:04:36 +0900] "GET / HTTP/1.1" 404 807
0:0:0:0:0:0:0:1 - - [10/May/2023:16:04:40 +0900] "GET /Ex01DataSend/Ex01?data=dddddddddddd HTTP/1.1" 200 12
0:0:0:0:0:0:0:1 - - [10/May/2023:16:04:43 +0900] "GET /Ex01DataSend/Ex01?data=%EC%9C%BC%EC%95%85 HTTP/1.1" 200 6
127.0.0.1 - - [10/May/2023:16:11:15 +0900] "GET / HTTP/1.1" 404 807
127.0.0.1 - - [10/May/2023:16:11:22 +0900] "GET / HTTP/1.1" 404 807
0:0:0:0:0:0:0:1 - - [10/May/2023:16:11:26 +0900] "GET /Ex01DataSend/Ex011 HTTP/1.1" 200 4
0:0:0:0:0:0:0:1 - - [10/May/2023:16:11:29 +0900] "GET /Ex01DataSend/Ex011 HTTP/1.1" 200 4
127.0.0.1 - - [10/May/2023:16:11:58 +0900] "GET / HTTP/1.1" 404 807
0:0:0:0:0:0:0:1 - - [10/May/2023:16:11:58 +0900] "GET /Ex01DataSend/Ex01?data=dddddddddddd HTTP/1.1" 200 12
0:0:0:0:0:0:0:1 - - [10/May/2023:16:12:01 +0900] "GET /Ex01DataSend/Ex0111.html HTTP/1.1" 200 279
0:0:0:0:0:0:0:1 - - [10/May/2023:16:12:04 +0900] "GET /Ex01DataSend/Ex011?data=1212 HTTP/1.1" 200 4
127.0.0.1 - - [10/May/2023:16:12:42 +0900] "GET / HTTP/1.1" 404 807
0:0:0:0:0:0:0:1 - - [10/May/2023:16:12:51 +0900] "GET /Ex01DataSend/Ex011 HTTP/1.1" 500 1605
0:0:0:0:0:0:0:1 - - [10/May/2023:16:13:43 +0900] "GET /Ex01DataSend/Ex0111.html HTTP/1.1" 200 249
127.0.0.1 - - [10/May/2023:16:13:43 +0900] "GET / HTTP/1.1" 404 807
0:0:0:0:0:0:0:1 - - [10/May/2023:16:13:44 +0900] "GET /Ex01DataSend/Ex011?data=1212 HTTP/1.1" 500 1605
127.0.0.1 - - [10/May/2023:16:13:59 +0900] "GET / HTTP/1.1" 404 807
127.0.0.1 - - [10/May/2023:16:14:05 +0900] "GET / HTTP/1.1" 404 807
0:0:0:0:0:0:0:1 - - [10/May/2023:16:14:07 +0900] "GET /Ex01DataSend/Ex011?data=1212 HTTP/1.1" 200 34
0:0:0:0:0:0:0:1 - - [10/May/2023:16:14:08 +0900] "GET /Ex01DataSend/Ex011?data=1212 HTTP/1.1" 200 34
0:0:0:0:0:0:0:1 - - [10/May/2023:16:14:08 +0900] "GET /Ex01DataSend/Ex011?data=1212 HTTP/1.1" 200 34
0:0:0:0:0:0:0:1 - - [10/May/2023:16:14:16 +0900] "GET /Ex01DataSend/Ex011? HTTP/1.1" 200 34
0:0:0:0:0:0:0:1 - - [10/May/2023:16:14:19 +0900] "GET /Ex01DataSend/Ex011 HTTP/1.1" 200 34
127.0.0.1 - - [10/May/2023:16:16:11 +0900] "GET / HTTP/1.1" 404 807
0:0:0:0:0:0:0:1 - - [10/May/2023:16:16:21 +0900] "GET /Ex01DataSend/Ex0111.html HTTP/1.1" 304 -
0:0:0:0:0:0:0:1 - - [10/May/2023:16:16:21 +0900] "GET /favicon.ico HTTP/1.1" 404 818
0:0:0:0:0:0:0:1 - - [10/May/2023:16:16:22 +0900] "GET /Ex01DataSend/Ex011?data=1212 HTTP/1.1" 200 34
0:0:0:0:0:0:0:1 - - [10/May/2023:16:16:56 +0900] "GET /Ex01DataSend/Ex011?data=1212 HTTP/1.1" 200 34
0:0:0:0:0:0:0:1 - - [10/May/2023:16:17:02 +0900] "GET /Ex01DataSend/Ex011?data=1212 HTTP/1.1" 200 42
127.0.0.1 - - [10/May/2023:16:17:02 +0900] "GET / HTTP/1.1" 404 807
127.0.0.1 - - [10/May/2023:16:35:01 +0900] "GET / HTTP/1.1" 404 807
0:0:0:0:0:0:0:1 - - [10/May/2023:16:35:04 +0900] "GET /Ex01DataSend/Ex03Plus.html HTTP/1.1" 200 277
0:0:0:0:0:0:0:1 - - [10/May/2023:16:35:13 +0900] "GET /Ex01DataSend/Ex03Plus.html?num1=&num2=&%EB%8D%94%ED%95%98%EA%B8%B01=%EC%A0%9C%EC%B6%9C HTTP/1.1" 200 277
0:0:0:0:0:0:0:1 - - [10/May/2023:16:35:16 +0900] "GET /Ex01DataSend/Ex03Plus.html?num1=3&num2=5&%EB%8D%94%ED%95%98%EA%B8%B01=%EC%A0%9C%EC%B6%9C HTTP/1.1" 200 277
0:0:0:0:0:0:0:1 - - [10/May/2023:16:35:35 +0900] "GET /Ex01DataSend/Ex03Plus.html?num1=3&num2=5&%EB%8D%94%ED%95%98%EA%B8%B01=%EC%A0%9C%EC%B6%9C HTTP/1.1" 304 -
127.0.0.1 - - [10/May/2023:16:35:58 +0900] "GET / HTTP/1.1" 404 807
127.0.0.1 - - [10/May/2023:16:47:16 +0900] "GET / HTTP/1.1" 404 807
0:0:0:0:0:0:0:1 - - [10/May/2023:16:47:24 +0900] "GET /Ex00/Ex01Hello HTTP/1.1" 404 825
0:0:0:0:0:0:0:1 - - [10/May/2023:16:53:40 +0900] "GET /Ex01DataSend/Ex03 HTTP/1.1" 500 1389
0:0:0:0:0:0:0:1 - - [10/May/2023:16:53:46 +0900] "GET /Ex01DataSend/Ex03Plus.html HTTP/1.1" 200 282
0:0:0:0:0:0:0:1 - - [10/May/2023:16:53:49 +0900] "GET /Ex01DataSend/Ex03?num1=3&num2=8 HTTP/1.1" 500 1370
127.0.0.1 - - [10/May/2023:16:54:19 +0900] "GET / HTTP/1.1" 404 807
0:0:0:0:0:0:0:1 - - [10/May/2023:16:54:23 +0900] "GET /Ex01DataSend/Ex03?num1=3&num2=8 HTTP/1.1" 500 1216
0:0:0:0:0:0:0:1 - - [10/May/2023:16:55:06 +0900] "GET /favicon.ico HTTP/1.1" 404 818
0:0:0:0:0:0:0:1 - - [10/May/2023:16:55:09 +0900] "GET /Ex01DataSend/Ex03?num1=3&num2=8 HTTP/1.1" 200 10
0:0:0:0:0:0:0:1 - - [10/May/2023:16:59:00 +0900] "GET /Ex01DataSend/Ex03 HTTP/1.1" 500 1216
0:0:0:0:0:0:0:1 - - [10/May/2023:16:59:06 +0900] "GET /Ex01DataSend/Ex03Plus.html HTTP/1.1" 304 -
0:0:0:0:0:0:0:1 - - [10/May/2023:16:59:06 +0900] "GET /favicon.ico HTTP/1.1" 404 818
0:0:0:0:0:0:0:1 - - [10/May/2023:16:59:11 +0900] "GET /Ex01DataSend/Ex03?num1=3&num2=5 HTTP/1.1" 200 9
127.0.0.1 - - [10/May/2023:17:12:55 +0900] "GET / HTTP/1.1" 404 807
127.0.0.1 - - [10/May/2023:17:13:01 +0900] "GET / HTTP/1.1" 404 807
0:0:0:0:0:0:0:1 - - [10/May/2023:17:13:01 +0900] "GET /Ex01DataSend/Operation.html HTTP/1.1" 200 347
0:0:0:0:0:0:0:1 - - [10/May/2023:17:13:09 +0900] "GET /Ex01DataSend/Operation.html HTTP/1.1" 304 -
0:0:0:0:0:0:0:1 - - [10/May/2023:17:13:13 +0900] "GET /Ex01DataSend/Operation.html HTTP/1.1" 304 -
0:0:0:0:0:0:0:1 - - [10/May/2023:17:13:13 +0900] "GET /Ex01DataSend/Operation.html HTTP/1.1" 304 -
127.0.0.1 - - [10/May/2023:17:13:14 +0900] "GET / HTTP/1.1" 404 807
0:0:0:0:0:0:0:1 - - [10/May/2023:17:13:20 +0900] "GET /Ex01DataSend/Operation.html HTTP/1.1" 200 350
0:0:0:0:0:0:0:1 - - [10/May/2023:17:13:20 +0900] "GET /favicon.ico HTTP/1.1" 404 818
127.0.0.1 - - [10/May/2023:17:13:55 +0900] "GET / HTTP/1.1" 404 807
0:0:0:0:0:0:0:1 - - [10/May/2023:17:13:55 +0900] "GET /Ex01DataSend/Operation.html HTTP/1.1" 200 385
0:0:0:0:0:0:0:1 - - [10/May/2023:17:13:57 +0900] "GET /Ex01DataSend/Operation.html?num1=3&ope=%2B&num2=3 HTTP/1.1" 200 385
0:0:0:0:0:0:0:1 - - [10/May/2023:17:14:43 +0900] "GET /Ex01DataSend/Operation.html?num1=3&ope=%2B&num2=1 HTTP/1.1" 200 385
0:0:0:0:0:0:0:1 - - [10/May/2023:17:14:46 +0900] "GET /Ex01DataSend/Operation.html?num1=3&ope=-&num2=1 HTTP/1.1" 200 385
127.0.0.1 - - [10/May/2023:17:15:38 +0900] "GET / HTTP/1.1" 404 807
127.0.0.1 - - [10/May/2023:17:15:46 +0900] "GET / HTTP/1.1" 404 807
0:0:0:0:0:0:0:1 - - [10/May/2023:17:15:48 +0900] "GET /Ex01DataSend/Operation.html HTTP/1.1" 304 -
0:0:0:0:0:0:0:1 - - [10/May/2023:17:15:50 +0900] "GET /Ex01DataSend/Operation.html?num1=3&ope=%2B&num2=3 HTTP/1.1" 304 -
0:0:0:0:0:0:0:1 - - [10/May/2023:17:16:23 +0900] "GET /Ex01DataSend/Operation.html HTTP/1.1" 304 -
0:0:0:0:0:0:0:1 - - [10/May/2023:17:16:27 +0900] "GET /Ex01DataSend/Operation.html?num1=5&ope=%2B&num2=3 HTTP/1.1" 200 385
127.0.0.1 - - [10/May/2023:17:18:19 +0900] "GET / HTTP/1.1" 404 807
0:0:0:0:0:0:0:1 - - [10/May/2023:17:18:20 +0900] "GET /Ex01DataSend/Operation.html HTTP/1.1" 200 400
0:0:0:0:0:0:0:1 - - [10/May/2023:17:18:23 +0900] "GET /Ex01DataSend/Ex04?num1=5&ope=%2B&num2=3 HTTP/1.1" 200 9
0:0:0:0:0:0:0:1 - - [10/May/2023:17:18:28 +0900] "GET /Ex01DataSend/Ex04?num1=5&ope=*&num2=3 HTTP/1.1" 200 10
127.0.0.1 - - [10/May/2023:17:33:40 +0900] "GET / HTTP/1.1" 404 807
0:0:0:0:0:0:0:1 - - [10/May/2023:17:33:46 +0900] "GET /Ex01DataSend/Operation.html HTTP/1.1" 304 -
0:0:0:0:0:0:0:1 - - [10/May/2023:17:33:51 +0900] "GET /Ex01DataSend/Ex04?num1=5&ope=%2B&num2=3 HTTP/1.1" 200 9
0:0:0:0:0:0:0:1 - - [10/May/2023:17:33:55 +0900] "GET /Ex01DataSend/Ex04?num1=5&ope=*&num2=3 HTTP/1.1" 200 10
0:0:0:0:0:0:0:1 - - [10/May/2023:17:34:02 +0900] "GET /Ex01DataSend/Ex04?num1=5&ope=%2B&num2=3 HTTP/1.1" 200 9
0:0:0:0:0:0:0:1 - - [10/May/2023:17:34:09 +0900] "GET /favicon.ico HTTP/1.1" 404 818
0:0:0:0:0:0:0:1 - - [10/May/2023:17:34:12 +0900] "GET /Ex01DataSend/Ex04?num1=5&ope=%2B&num2=3 HTTP/1.1" 200 9
127.0.0.1 - - [10/May/2023:17:34:58 +0900] "GET / HTTP/1.1" 404 807
0:0:0:0:0:0:0:1 - - [10/May/2023:17:35:02 +0900] "GET /Ex01DataSend/Ex04 HTTP/1.1" 500 1216
0:0:0:0:0:0:0:1 - - [10/May/2023:17:35:44 +0900] "GET /Ex01DataSend/Operation.html HTTP/1.1" 200 451
0:0:0:0:0:0:0:1 - - [10/May/2023:17:35:47 +0900] "GET /Ex01DataSend/Ex04?num1=5&ope=plus&num2=5 HTTP/1.1" 200 9
127.0.0.1 - - [10/May/2023:17:36:06 +0900] "GET / HTTP/1.1" 404 807
0:0:0:0:0:0:0:1 - - [10/May/2023:17:36:16 +0900] "GET /Ex01DataSend/Operation.html HTTP/1.1" 304 -
0:0:0:0:0:0:0:1 - - [10/May/2023:17:36:19 +0900] "GET /Ex01DataSend/Ex04?num1=5&ope=plus&num2=3 HTTP/1.1" 200 9
127.0.0.1 - - [10/May/2023:17:39:12 +0900] "GET / HTTP/1.1" 404 807
127.0.0.1 - - [10/May/2023:17:39:24 +0900] "GET / HTTP/1.1" 404 807
0:0:0:0:0:0:0:1 - - [10/May/2023:17:39:27 +0900] "GET /Ex01DataSend/Operation.html HTTP/1.1" 304 -
0:0:0:0:0:0:0:1 - - [10/May/2023:17:39:30 +0900] "GET /Ex01DataSend/Ex04?num1=5&ope=plus&num2=3 HTTP/1.1" 500 1446
0:0:0:0:0:0:0:1 - - [10/May/2023:17:40:11 +0900] "GET /Ex01DataSend/Operation.html HTTP/1.1" 304 -
0:0:0:0:0:0:0:1 - - [10/May/2023:17:40:13 +0900] "GET /Ex01DataSend/Ex04?num1=5&ope=plus&num2=3 HTTP/1.1" 200 28
127.0.0.1 - - [10/May/2023:17:48:00 +0900] "GET / HTTP/1.1" 404 807
0:0:0:0:0:0:0:1 - - [10/May/2023:17:48:05 +0900] "GET /Ex01DataSend/Ex05 HTTP/1.1" 200 93
127.0.0.1 - - [10/May/2023:17:50:05 +0900] "GET / HTTP/1.1" 404 807
0:0:0:0:0:0:0:1 - - [10/May/2023:17:50:09 +0900] "GET /Ex01DataSend/Ex05 HTTP/1.1" 200 93
